Nothing to build in platform 'mb_hdmi_top_level'

10:36:16 **** Incremental Build of configuration Debug for project mb_lab_7_2 ****
make all 
'Building file: ../src/hdmi_text_controller.c'
'Invoking: MicroBlaze gcc compiler'
mb-gcc -Wall -O0 -g3 -c -fmessage-length=0 -MT"src/hdmi_text_controller.o" -IC:/Users/Abdullah/Lab_7_2/Lab_7_2_Vitis/mb_hdmi_top_level/export/mb_hdmi_top_level/sw/mb_hdmi_top_level/standalone_microblaze_0/bspinclude/include -mno-xl-reorder -mlittle-endian -mxl-barrel-shift -mxl-pattern-compare -mcpu=v11.0 -mno-xl-soft-mul -Wl,--no-relax -ffunction-sections -fdata-sections -MMD -MP -MF"src/hdmi_text_controller.d" -MT"src/hdmi_text_controller.o" -o "src/hdmi_text_controller.o" "../src/hdmi_text_controller.c"
In file included from C:/Users/Abdullah/Lab_7_2/Lab_7_2_Vitis/mb_hdmi_top_level/export/mb_hdmi_top_level/sw/mb_hdmi_top_level/standalone_microblaze_0/bspinclude/include/xil_types.h:48,
                 from ../src/hdmi_text_controller.h:6,
                 from ../src/hdmi_text_controller.c:4:
C:/Users/Abdullah/Lab_7_2/Lab_7_2_Vitis/mb_hdmi_top_level/export/mb_hdmi_top_level/sw/mb_hdmi_top_level/standalone_microblaze_0/bspinclude/include/xparameters.h:576:50: warning: initialization of 'volatile struct TEXT_HDMI_STRUCT *' from 'int' makes pointer from integer without a cast [-Wint-conversion]
  576 | #define XPAR_HDMI_TEXT_CONTROLLER_0_AXI_BASEADDR 0x44A00000
      |                                                  ^~~~~~~~~~
../src/hdmi_text_controller.h:31:54: note: in expansion of macro 'XPAR_HDMI_TEXT_CONTROLLER_0_AXI_BASEADDR'
   31 | static volatile struct TEXT_HDMI_STRUCT* hdmi_ctrl = XPAR_HDMI_TEXT_CONTROLLER_0_AXI_BASEADDR;
      |                                                      ^~~~~~~~~~~~~~~~~~~~~~~~~~~~~~~~~~~~~~~~
../src/hdmi_text_controller.c:116:1: warning: return type defaults to 'int' [-Wimplicit-int]
  116 | hdmiTestWeek2()
      | ^~~~~~~~~~~~~
../src/hdmi_text_controller.c:116:1: warning: conflicting types for 'hdmiTestWeek2'
../src/hdmi_text_controller.h:120:6: note: previous declaration of 'hdmiTestWeek2' with type 'void()'
  120 | void hdmiTestWeek2(); //call this for your Week 2 demo
      |      ^~~~~~~~~~~~~
../src/hdmi_text_controller.c: In function 'hdmiTestWeek2':
../src/hdmi_text_controller.c:139:46: warning: format '%x' expects argument of type 'unsigned int', but argument 3 has type 'uint32_t' {aka 'long unsigned int'} [-Wformat=]
  139 |                 printf ("Row: %d, Checksum: %x, Read-back Checksum: %x\n\r", j, checksum[j], readsum[j]);
      |                                             ~^                                  ~~~~~~~~~~~
      |                                              |                                          |
      |                                              unsigned int                               uint32_t {aka long unsigned int}
      |                                             %lx
../src/hdmi_text_controller.c:139:70: warning: format '%x' expects argument of type 'unsigned int', but argument 4 has type 'uint32_t' {aka 'long unsigned int'} [-Wformat=]
  139 |                 printf ("Row: %d, Checksum: %x, Read-back Checksum: %x\n\r", j, checksum[j], readsum[j]);
      |                                                                     ~^                       ~~~~~~~~~~
      |                                                                      |                              |
      |                                                                      unsigned int                   uint32_t {aka long unsigned int}
      |                                                                     %lx
'Finished building: ../src/hdmi_text_controller.c'
' '
'Building target: mb_lab_7_2.elf'
'Invoking: MicroBlaze gcc linker'
mb-gcc -Wl,-T -Wl,../src/lscript.ld -LC:/Users/Abdullah/Lab_7_2/Lab_7_2_Vitis/mb_hdmi_top_level/export/mb_hdmi_top_level/sw/mb_hdmi_top_level/standalone_microblaze_0/bsplib/lib -mlittle-endian -mxl-barrel-shift -mxl-pattern-compare -mcpu=v11.0 -mno-xl-soft-mul -Wl,--no-relax -Wl,--gc-sections -o "mb_lab_7_2.elf"  ./src/hdmi_text_controller.o ./src/helloworld.o ./src/platform.o   -Wl,--start-group,-lxil,-lgcc,-lc,--end-group
'Finished building target: mb_lab_7_2.elf'
' '
'Invoking: MicroBlaze Print Size'
mb-size mb_lab_7_2.elf  |tee "mb_lab_7_2.elf.size"
   text	   data	    bss	    dec	    hex	filename
  84968	   2096	   3168	  90232	  16078	mb_lab_7_2.elf
'Finished building: mb_lab_7_2.elf.size'
' '
Nothing to build in platform 'mb_hdmi_top_level'

10:36:19 **** Incremental Build of configuration Debug for project mb_lab_7_2 ****
make all 
make: Nothing to be done for 'all'.
10:36:19 **** Incremental Build of configuration Debug for project mb_lab_7_2_system ****
make all 
Skipping SD card image generation. Reason: "The system project only has applications for microblaze processors."
