08:54:30 **** Incremental Build of configuration Debug for project final_software ****
make all 
'Building file: ../src/player.c'
'Invoking: MicroBlaze gcc compiler'
mb-gcc -Wall -O0 -g3 -c -fmessage-length=0 -MT"src/player.o" -IC:/Users/Abdullah/Downloads/ECE385/Final_Project/Final_Project_Vitis/Final_Top_Level/export/Final_Top_Level/sw/Final_Top_Level/standalone_microblaze_0/bspinclude/include -mno-xl-reorder -mlittle-endian -mxl-barrel-shift -mxl-pattern-compare -mcpu=v11.0 -mno-xl-soft-mul -Wl,--no-relax -ffunction-sections -fdata-sections -MMD -MP -MF"src/player.d" -MT"src/player.o" -o "src/player.o" "../src/player.c"
In file included from C:/Users/Abdullah/Downloads/ECE385/Final_Project/Final_Project_Vitis/Final_Top_Level/export/Final_Top_Level/sw/Final_Top_Level/standalone_microblaze_0/bspinclude/include/xil_types.h:48,
                 from C:/Users/Abdullah/Downloads/ECE385/Final_Project/Final_Project_Vitis/Final_Top_Level/export/Final_Top_Level/sw/Final_Top_Level/standalone_microblaze_0/bspinclude/include/xil_printf.h:15,
                 from ../src/Game.h:6,
                 from ../src/player.h:3,
                 from ../src/player.c:3:
C:/Users/Abdullah/Downloads/ECE385/Final_Project/Final_Project_Vitis/Final_Top_Level/export/Final_Top_Level/sw/Final_Top_Level/standalone_microblaze_0/bspinclude/include/xparameters.h:490:36: warning: initialization of 'volatile struct TEXT_HDMI_STRUCT *' from 'int' makes pointer from integer without a cast [-Wint-conversion]
  490 | #define XPAR_GAMEIP_0_AXI_BASEADDR 0x44A10000
      |                                    ^~~~~~~~~~
../src/lw_usb/hdmi_text_controller.h:31:54: note: in expansion of macro 'XPAR_GAMEIP_0_AXI_BASEADDR'
   31 | static volatile struct TEXT_HDMI_STRUCT* hdmi_ctrl = XPAR_GAMEIP_0_AXI_BASEADDR;
      |                                                      ^~~~~~~~~~~~~~~~~~~~~~~~~~
In file included from ../src/Game.h:8:
../src/lw_usb/hdmi_text_controller.h:34:21: warning: 'colors' defined but not used [-Wunused-variable]
   34 | static struct COLOR colors[]={
      |                     ^~~~~~
../src/lw_usb/hdmi_text_controller.h:31:42: warning: 'hdmi_ctrl' defined but not used [-Wunused-variable]
   31 | static volatile struct TEXT_HDMI_STRUCT* hdmi_ctrl = XPAR_GAMEIP_0_AXI_BASEADDR;
      |                                          ^~~~~~~~~
'Finished building: ../src/player.c'
' '
'Building target: final_software.elf'
'Invoking: MicroBlaze gcc linker'
mb-gcc -Wl,-T -Wl,../src/lscript.ld -LC:/Users/Abdullah/Downloads/ECE385/Final_Project/Final_Project_Vitis/Final_Top_Level/export/Final_Top_Level/sw/Final_Top_Level/standalone_microblaze_0/bsplib/lib -mlittle-endian -mxl-barrel-shift -mxl-pattern-compare -mcpu=v11.0 -mno-xl-soft-mul -Wl,--no-relax -Wl,--gc-sections -o "final_software.elf"  ./src/lw_usb/HID.o ./src/lw_usb/MAX3421E.o ./src/lw_usb/hdmi_text_controller.o ./src/lw_usb/transfer.o  ./src/Game.o ./src/lw_usb_main.o ./src/platform.o ./src/player.o   -Wl,--start-group,-lxil,-lgcc,-lc,--end-group
'Finished building target: final_software.elf'
' '
'Invoking: MicroBlaze Print Size'
mb-size final_software.elf  |tee "final_software.elf.size"
   text	   data	    bss	    dec	    hex	filename
  27496	   4884	   3708	  36088	   8cf8	final_software.elf
'Finished building: final_software.elf.size'
' '

08:54:30 Build Finished (took 603ms)

